* using log directory ‘/home/mando/coding/R-Projects/WRS/pkg.Rcheck’
* using R version 4.5.2 (2025-10-31)
* using platform: x86_64-pc-linux-gnu
* R was compiled by
    gcc (Ubuntu 11.4.0-1ubuntu1~22.04.2) 11.4.0
    GNU Fortran (Ubuntu 11.4.0-1ubuntu1~22.04.2) 11.4.0
* running under: Ubuntu 22.04.5 LTS
* using session charset: UTF-8
* checking for file ‘pkg/DESCRIPTION’ ... OK
* checking extension type ... Package
* this is package ‘WRS’ version ‘0.46’
* package encoding: UTF-8
* checking package namespace information ... OK
* checking package dependencies ... INFO
Packages suggested but not available for checking:
  'bcaboot', 'mrfDepth', 'randomForest', 'neuralnet', 'mboost', 'gbm',
  'DetMCD', 'ICSOutlier', 'ROCR', 'hqreg', 'enetLTS', 'ddalpha',
  'viridis', 'reshape', 'plotrix', 'hrbrthemes', 'segmented'
* checking if this is a source package ... NOTE
Subdirectory ‘WRS.Rcheck/WRS’ seems to contain an installed version of the package.
* checking if there is a namespace ... OK
* checking for executable files ... OK
* checking for hidden files and directories ... OK
* checking for portable file names ... OK
* checking for sufficient/correct file permissions ... OK
* checking whether package ‘WRS’ can be installed ... WARNING
Found the following significant warnings:
  Note: possible error in 'sband(outer(x[[1]], x[[2]], ': unused argument (flag = FALSE) 
  Note: possible error in 'binom2g.ZHZ(r1, n1, r2, ': unused argument (binCI = binCI) 
  Note: possible error in 'lincon(x, con = con, ': unused argument (alist()) 
  Warning: /home/mando/coding/R-Projects/WRS/pkg/man/ABES.KS.Rd:20: unexpected section header '\value'
  Warning: /home/mando/coding/R-Projects/WRS/pkg/man/ABES.KS.Rd:27: unexpected section header '\description'
  Warning: /home/mando/coding/R-Projects/WRS/pkg/man/ABES.KS.Rd:32: unexpected section header '\details'
  Warning: /home/mando/coding/R-Projects/WRS/pkg/man/ABES.KS.Rd:38: unexpected section header '\seealso'
  Warning: /home/mando/coding/R-Projects/WRS/pkg/man/ABES.KS.Rd:41: unexpected section header '\keyword'
  Warning: /home/mando/coding/R-Projects/WRS/pkg/man/ABES.KS.Rd:42: unexpected END_OF_INPUT '
  Warning: /home/mando/coding/R-Projects/WRS/pkg/man/Bagplot.Rd:26: unknown macro '\item'
  Warning: /home/mando/coding/R-Projects/WRS/pkg/man/Bagplot.Rd:28: unknown macro '\item'
  Warning: /home/mando/coding/R-Projects/WRS/pkg/man/Bagplot.Rd:30: unknown macro '\item'
  Warning: /home/mando/coding/R-Projects/WRS/pkg/man/Bagplot.Rd:32: unknown macro '\item'
  Warning: /home/mando/coding/R-Projects/WRS/pkg/man/Bagplot.Rd:34: unknown macro '\item'
  Warning: /home/mando/coding/R-Projects/WRS/pkg/man/Bagplot.Rd:36: unknown macro '\item'
  Warning: /home/mando/coding/R-Projects/WRS/pkg/man/Bagplot.Rd:43: unexpected section header '\value'
  Warning: /home/mando/coding/R-Projects/WRS/pkg/man/Bagplot.Rd:47: unexpected section header '\description'
  Warning: /home/mando/coding/R-Projects/WRS/pkg/man/Bagplot.Rd:52: unexpected section header '\details'
  Warning: /home/mando/coding/R-Projects/WRS/pkg/man/Bagplot.Rd:62: unexpected section header '\examples'
  Warning: /home/mando/coding/R-Projects/WRS/pkg/man/Bagplot.Rd:70: unexpected section header '\references'
  Warning: /home/mando/coding/R-Projects/WRS/pkg/man/Bagplot.Rd:74: unexpected section header '\seealso'
  Warning: /home/mando/coding/R-Projects/WRS/pkg/man/Bagplot.Rd:77: unexpected END_OF_INPUT '
  Warning: /home/mando/coding/R-Projects/WRS/pkg/man/LCO.CI.Rd:14: unknown macro '\item'
  Warning: /home/mando/coding/R-Projects/WRS/pkg/man/LCO.CI.Rd:16: unexpected section header '\value'
  Warning: /home/mando/coding/R-Projects/WRS/pkg/man/LCO.CI.Rd:22: unexpected section header '\description'
  Warning: /home/mando/coding/R-Projects/WRS/pkg/man/LCO.CI.Rd:26: unexpected section header '\details'
  Warning: /home/mando/coding/R-Projects/WRS/pkg/man/LCO.CI.Rd:35: unexpected section header '\examples'
  Warning: /home/mando/coding/R-Projects/WRS/pkg/man/LCO.CI.Rd:40: unexpected section header '\keyword'
  Warning: /home/mando/coding/R-Projects/WRS/pkg/man/LCO.CI.Rd:41: unexpected END_OF_INPUT '
  Warning: /home/mando/coding/R-Projects/WRS/pkg/man/ODDSR.CI.Rd:16: unexpected section header '\value'
  Warning: /home/mando/coding/R-Projects/WRS/pkg/man/ODDSR.CI.Rd:23: unexpected section header '\description'
  Warning: /home/mando/coding/R-Projects/WRS/pkg/man/ODDSR.CI.Rd:27: unexpected section header '\details'
  Warning: /home/mando/coding/R-Projects/WRS/pkg/man/ODDSR.CI.Rd:52: unexpected section header '\seealso'
  Warning: /home/mando/coding/R-Projects/WRS/pkg/man/ODDSR.CI.Rd:55: unexpected END_OF_INPUT '
  Warning: /home/mando/coding/R-Projects/WRS/pkg/man/Q3anova.Rd:30: unknown macro '\item'
  Warning: /home/mando/coding/R-Projects/WRS/pkg/man/Q3anova.Rd:32: unknown macro '\item'
  Warning: /home/mando/coding/R-Projects/WRS/pkg/man/TKmeans.Rd:26: unknown macro '\item'
  Warning: /home/mando/coding/R-Projects/WRS/pkg/man/TKmeans.Rd:28: unknown macro '\item'
  Warning: /home/mando/coding/R-Projects/WRS/pkg/man/TKmeans.Rd:30: unknown macro '\item'
  Warning: /home/mando/coding/R-Projects/WRS/pkg/man/TKmeans.Rd:32: unknown macro '\item'
  Warning: /home/mando/coding/R-Projects/WRS/pkg/man/TKmeans.Rd:34: unknown macro '\item'
  Warning: /home/mando/coding/R-Projects/WRS/pkg/man/TKmeans.Rd:36: unknown macro '\item'
  Warning: /home/mando/coding/R-Projects/WRS/pkg/man/TKmeans.Rd:38: unexpected section header '\value'
  Warning: /home/mando/coding/R-Projects/WRS/pkg/man/TKmeans.Rd:42: unexpected section header '\description'
  Warning: /home/mando/coding/R-Projects/WRS/pkg/man/TKmeans.Rd:46: unexpected section header '\details'
  Warning: /home/mando/coding/R-Projects/WRS/pkg/man/TKmeans.Rd:55: unexpected section header '\examples'
  Warning: /home/mando/coding/R-Projects/WRS/pkg/man/TKmeans.Rd:65: unexpected section header '\references'
  Warning: /home/mando/coding/R-Projects/WRS/pkg/man/TKmeans.Rd:70: unexpected section header '\seealso'
  Warning: /home/mando/coding/R-Projects/WRS/pkg/man/TKmeans.Rd:73: unexpected section header '\keyword'
  Warning: /home/mando/coding/R-Projects/WRS/pkg/man/TKmeans.Rd:74: unexpected section header '\keyword'
  Warning: /home/mando/coding/R-Projects/WRS/pkg/man/TKmeans.Rd:75: unexpected END_OF_INPUT '
  Warning: /home/mando/coding/R-Projects/WRS/pkg/man/acbinomci.Rd:21: unexpected section header '\value'
  Warning: /home/mando/coding/R-Projects/WRS/pkg/man/acbinomci.Rd:30: unexpected section header '\description'
  Warning: /home/mando/coding/R-Projects/WRS/pkg/man/acbinomci.Rd:35: unexpected section header '\details'
  Warning: /home/mando/coding/R-Projects/WRS/pkg/man/acbinomci.Rd:47: unexpected section header '\references'
  Warning: /home/mando/coding/R-Projects/WRS/pkg/man/acbinomci.Rd:51: unexpected section header '\seealso'
  Warning: /home/mando/coding/R-Projects/WRS/pkg/man/acbinomci.Rd:54: unexpected section header '\keyword'
  Warning: /home/mando/coding/R-Projects/WRS/pkg/man/acbinomci.Rd:55: unexpected END_OF_INPUT '
  Warning: /home/mando/coding/R-Projects/WRS/pkg/man/acbinomciv2.Rd:28: unknown macro '\item'
  Warning: /home/mando/coding/R-Projects/WRS/pkg/man/acbinomciv2.Rd:30: unexpected section header '\value'
  Warning: /home/mando/coding/R-Projects/WRS/pkg/man/acbinomciv2.Rd:40: unexpected section header '\description'
  Warning: /home/mando/coding/R-Projects/WRS/pkg/man/acbinomciv2.Rd:45: unexpected section header '\details'
  Warning: /home/mando/coding/R-Projects/WRS/pkg/man/acbinomciv2.Rd:58: unexpected section header '\seealso'
  Warning: /home/mando/coding/R-Projects/WRS/pkg/man/acbinomciv2.Rd:61: unexpected section header '\keyword'
  Warning: /home/mando/coding/R-Projects/WRS/pkg/man/acbinomciv2.Rd:62: unexpected END_OF_INPUT '
  Warning: /home/mando/coding/R-Projects/WRS/pkg/man/bg2ci.Rd:14: unexpected section header '\value'
  Warning: /home/mando/coding/R-Projects/WRS/pkg/man/bg2ci.Rd:22: unexpected section header '\description'
  Warning: /home/mando/coding/R-Projects/WRS/pkg/man/bg2ci.Rd:27: unexpected section header '\details'
  Warning: /home/mando/coding/R-Projects/WRS/pkg/man/bg2ci.Rd:41: unexpected section header '\references'
  Warning: /home/mando/coding/R-Projects/WRS/pkg/man/bg2ci.Rd:45: unexpected section header '\seealso'
  Warning: /home/mando/coding/R-Projects/WRS/pkg/man/bg2ci.Rd:48: unexpected section header '\keyword'
  Warning: /home/mando/coding/R-Projects/WRS/pkg/man/bg2ci.Rd:49: unexpected section header '\keyword'
  Warning: /home/mando/coding/R-Projects/WRS/pkg/man/bg2ci.Rd:50: unexpected END_OF_INPUT '
  Warning: /home/mando/coding/R-Projects/WRS/pkg/man/bwwA.es.Rd:21: unknown macro '\item'
  Warning: /home/mando/coding/R-Projects/WRS/pkg/man/bwwA.es.Rd:23: unknown macro '\item'
  Warning: /home/mando/coding/R-Projects/WRS/pkg/man/bwwA.es.Rd:25: unexpected section header '\value'
  Warning: /home/mando/coding/R-Projects/WRS/pkg/man/bwwA.es.Rd:30: unexpected section header '\description'
  Warning: /home/mando/coding/R-Projects/WRS/pkg/man/bwwA.es.Rd:35: unexpected section header '\details'
  Warning: /home/mando/coding/R-Projects/WRS/pkg/man/bwwA.es.Rd:49: unexpected section header '\examples'
  Warning: /home/mando/coding/R-Projects/WRS/pkg/man/bwwA.es.Rd:61: unexpected section header '\references'
  Warning: /home/mando/coding/R-Projects/WRS/pkg/man/bwwA.es.Rd:64: unexpected section header '\seealso'
  Warning: /home/mando/coding/R-Projects/WRS/pkg/man/bwwA.es.Rd:67: unexpected END_OF_INPUT '
  Warning: /home/mando/coding/R-Projects/WRS/pkg/man/calwork.Rd:33: unknown macro '\item'
  Warning: /home/mando/coding/R-Projects/WRS/pkg/man/con2way.Rd:18: unknown macro '\item'
  Warning: /home/mando/coding/R-Projects/WRS/pkg/man/ees.ci.Rd:22: unknown macro '\item'
  Warning: /home/mando/coding/R-Projects/WRS/pkg/man/ees.ci.Rd:24: unexpected section header '\value'
  Warning: /home/mando/coding/R-Projects/WRS/pkg/man/ees.ci.Rd:28: unexpected section header '\description'
  Warning: /home/mando/coding/R-Projects/WRS/pkg/man/ees.ci.Rd:33: unexpected section header '\details'
  Warning: /home/mando/coding/R-Projects/WRS/pkg/man/ees.ci.Rd:53: unexpected section header '\examples'
  Warning: /home/mando/coding/R-Projects/WRS/pkg/man/ees.ci.Rd:61: unexpected section header '\seealso'
  Warning: /home/mando/coding/R-Projects/WRS/pkg/man/ees.ci.Rd:64: unexpected section header '\keyword'
  Warning: /home/mando/coding/R-Projects/WRS/pkg/man/ees.ci.Rd:65: unexpected section header '\keyword'
  Warning: /home/mando/coding/R-Projects/WRS/pkg/man/ees.ci.Rd:66: unexpected END_OF_INPUT '
  Warning: /home/mando/coding/R-Projects/WRS/pkg/man/lincdtr.Rd:20: unexpected section header '\value'
  Warning: /home/mando/coding/R-Projects/WRS/pkg/man/lincdtr.Rd:27: unexpected section header '\description'
  Warning: /home/mando/coding/R-Projects/WRS/pkg/man/lincdtr.Rd:31: unexpected section header '\details'
  Warning: /home/mando/coding/R-Projects/WRS/pkg/man/lincdtr.Rd:36: unexpected section header '\seealso'
  Warning: /home/mando/coding/R-Projects/WRS/pkg/man/lincdtr.Rd:39: unexpected section header '\keyword'
  Warning: /home/mando/coding/R-Projects/WRS/pkg/man/lincdtr.Rd:40: unexpected END_OF_INPUT '
  Warning: /home/mando/coding/R-Projects/WRS/pkg/man/ols.pred.ci.Rd:29: unknown macro '\item'
  Warning: /home/mando/coding/R-Projects/WRS/pkg/man/ols.pred.ci.Rd:31: unknown macro '\item'
  Warning: /home/mando/coding/R-Projects/WRS/pkg/man/ols.pred.ci.Rd:33: unknown macro '\item'
  Warning: /home/mando/coding/R-Projects/WRS/pkg/man/ols.pred.ci.Rd:36: unexpected section header '\value'
  Warning: /home/mando/coding/R-Projects/WRS/pkg/man/ols.pred.ci.Rd:40: unexpected section header '\description'
  Warning: /home/mando/coding/R-Projects/WRS/pkg/man/ols.pred.ci.Rd:44: unexpected section header '\details'
  Warning: /home/mando/coding/R-Projects/WRS/pkg/man/ols.pred.ci.Rd:59: unexpected section header '\seealso'
  Warning: /home/mando/coding/R-Projects/WRS/pkg/man/ols.pred.ci.Rd:62: unexpected END_OF_INPUT '
  Warning: /home/mando/coding/R-Projects/WRS/pkg/man/oph.astig.datasetconvexpoly.Rd:24: unknown macro '\item'
  Warning: /home/mando/coding/R-Projects/WRS/pkg/man/oph.astig.datasetconvexpoly.Rd:27: unknown macro '\item'
  Warning: /home/mando/coding/R-Projects/WRS/pkg/man/oph.astig.datasetconvexpoly.Rd:29: unknown macro '\item'
  Warning: /home/mando/coding/R-Projects/WRS/pkg/man/oph.astig.datasetconvexpoly.Rd:31: unknown macro '\item'
  Warning: /home/mando/coding/R-Projects/WRS/pkg/man/oph.astig.datasetconvexpoly.Rd:34: unexpected section header '\value'
  Warning: /home/mando/coding/R-Projects/WRS/pkg/man/oph.astig.datasetconvexpoly.Rd:39: unexpected section header '\description'
  Warning: /home/mando/coding/R-Projects/WRS/pkg/man/oph.astig.datasetconvexpoly.Rd:44: unexpected section header '\details'
  Warning: /home/mando/coding/R-Projects/WRS/pkg/man/oph.astig.datasetconvexpoly.Rd:56: unexpected section header '\seealso'
  Warning: /home/mando/coding/R-Projects/WRS/pkg/man/oph.astig.datasetconvexpoly.Rd:60: unexpected section header '\keyword'
  Warning: /home/mando/coding/R-Projects/WRS/pkg/man/oph.astig.datasetconvexpoly.Rd:61: unexpected END_OF_INPUT '
  Warning: /home/mando/coding/R-Projects/WRS/pkg/man/oph.astig.datasetconvexpoly.mean.Rd:22: unknown macro '\item'
  Warning: /home/mando/coding/R-Projects/WRS/pkg/man/oph.astig.datasetconvexpoly.mean.Rd:25: unknown macro '\item'
  Warning: /home/mando/coding/R-Projects/WRS/pkg/man/oph.astig.datasetconvexpoly.mean.Rd:27: unexpected section header '\value'
  Warning: /home/mando/coding/R-Projects/WRS/pkg/man/oph.astig.datasetconvexpoly.mean.Rd:32: unexpected section header '\description'
  Warning: /home/mando/coding/R-Projects/WRS/pkg/man/oph.astig.datasetconvexpoly.mean.Rd:37: unexpected section header '\details'
  Warning: /home/mando/coding/R-Projects/WRS/pkg/man/oph.astig.datasetconvexpoly.mean.Rd:50: unexpected section header '\seealso'
  Warning: /home/mando/coding/R-Projects/WRS/pkg/man/oph.astig.datasetconvexpoly.mean.Rd:54: unexpected section header '\keyword'
  Warning: /home/mando/coding/R-Projects/WRS/pkg/man/oph.astig.datasetconvexpoly.mean.Rd:55: unexpected END_OF_INPUT '
  Warning: /home/mando/coding/R-Projects/WRS/pkg/man/pow2an.Rd:27: unexpected section header '\description'
  Warning: /home/mando/coding/R-Projects/WRS/pkg/man/pow2an.Rd:31: unexpected section header '\details'
  Warning: /home/mando/coding/R-Projects/WRS/pkg/man/pow2an.Rd:47: unexpected section header '\examples'
  Warning: /home/mando/coding/R-Projects/WRS/pkg/man/pow2an.Rd:60: unexpected section header '\references'
  Warning: /home/mando/coding/R-Projects/WRS/pkg/man/pow2an.Rd:63: unexpected section header '\seealso'
  Warning: /home/mando/coding/R-Projects/WRS/pkg/man/pow2an.Rd:66: unexpected END_OF_INPUT '
  Warning: /home/mando/coding/R-Projects/WRS/pkg/man/powt1an.Rd:25: unexpected section header '\description'
  Warning: /home/mando/coding/R-Projects/WRS/pkg/man/powt1an.Rd:29: unexpected section header '\details'
  Warning: /home/mando/coding/R-Projects/WRS/pkg/man/powt1an.Rd:45: unexpected section header '\examples'
  Warning: /home/mando/coding/R-Projects/WRS/pkg/man/powt1an.Rd:57: unexpected section header '\references'
  Warning: /home/mando/coding/R-Projects/WRS/pkg/man/powt1an.Rd:60: unexpected section header '\seealso'
  Warning: /home/mando/coding/R-Projects/WRS/pkg/man/powt1an.Rd:63: unexpected END_OF_INPUT '
  Warning: /home/mando/coding/R-Projects/WRS/pkg/man/powt1est.Rd:24: unexpected section header '\description'
  Warning: /home/mando/coding/R-Projects/WRS/pkg/man/powt1est.Rd:28: unexpected section header '\details'
  Warning: /home/mando/coding/R-Projects/WRS/pkg/man/powt1est.Rd:45: unexpected section header '\examples'
  Warning: /home/mando/coding/R-Projects/WRS/pkg/man/powt1est.Rd:57: unexpected section header '\references'
  Warning: /home/mando/coding/R-Projects/WRS/pkg/man/powt1est.Rd:60: unexpected section header '\seealso'
  Warning: /home/mando/coding/R-Projects/WRS/pkg/man/powt1est.Rd:63: unexpected END_OF_INPUT '
  Warning: /home/mando/coding/R-Projects/WRS/pkg/man/regmediate.Rd:61: unknown macro '\item'
  Warning: /home/mando/coding/R-Projects/WRS/pkg/man/smgridVRC.Rd:44: unknown macro '\item'
  Warning: /home/mando/coding/R-Projects/WRS/pkg/man/smgridVRC.Rd:46: unknown macro '\item'
  Warning: /home/mando/coding/R-Projects/WRS/pkg/man/smgridVRC.Rd:49: unknown macro '\item'
  Warning: /home/mando/coding/R-Projects/WRS/pkg/man/smgridVRC.Rd:52: unknown macro '\item'
  Warning: /home/mando/coding/R-Projects/WRS/pkg/man/smgridVRC.Rd:55: unknown macro '\item'
  Warning: /home/mando/coding/R-Projects/WRS/pkg/man/smgridVRC.Rd:57: unknown macro '\item'
  Warning: /home/mando/coding/R-Projects/WRS/pkg/man/smgridVRC.Rd:59: unknown macro '\item'
  Warning: /home/mando/coding/R-Projects/WRS/pkg/man/smgridVRC.Rd:61: unknown macro '\item'
  Warning: /home/mando/coding/R-Projects/WRS/pkg/man/smgridVRC.Rd:63: unknown macro '\item'
  Warning: /home/mando/coding/R-Projects/WRS/pkg/man/smgridVRC.Rd:65: unknown macro '\item'
  Warning: /home/mando/coding/R-Projects/WRS/pkg/man/smgridVRC.Rd:67: unknown macro '\item'
  Warning: /home/mando/coding/R-Projects/WRS/pkg/man/smgridVRC.Rd:69: unknown macro '\item'
  Warning: /home/mando/coding/R-Projects/WRS/pkg/man/smgridVRC.Rd:71: unexpected section header '\value'
  Warning: /home/mando/coding/R-Projects/WRS/pkg/man/smgridVRC.Rd:81: unexpected section header '\description'
  Warning: /home/mando/coding/R-Projects/WRS/pkg/man/smgridVRC.Rd:86: unexpected section header '\details'
  Warning: /home/mando/coding/R-Projects/WRS/pkg/man/smgridVRC.Rd:96: unexpected section header '\seealso'
  Warning: /home/mando/coding/R-Projects/WRS/pkg/man/smgridVRC.Rd:100: unexpected section header '\keyword'
  Warning: /home/mando/coding/R-Projects/WRS/pkg/man/smgridVRC.Rd:101: unexpected section header '\keyword'
  Warning: /home/mando/coding/R-Projects/WRS/pkg/man/smgridVRC.Rd:102: unexpected section header '\keyword'
  Warning: /home/mando/coding/R-Projects/WRS/pkg/man/smgridVRC.Rd:103: unexpected END_OF_INPUT '
  Warning: /home/mando/coding/R-Projects/WRS/pkg/man/spearci.Rd:19: unknown macro '\item'
  Warning: /home/mando/coding/R-Projects/WRS/pkg/man/spearci.Rd:21: unknown macro '\item'
  Warning: /home/mando/coding/R-Projects/WRS/pkg/man/spearci.Rd:24: unexpected section header '\value'
  Warning: /home/mando/coding/R-Projects/WRS/pkg/man/spearci.Rd:28: unexpected section header '\description'
  Warning: /home/mando/coding/R-Projects/WRS/pkg/man/spearci.Rd:31: unexpected section header '\details'
  Warning: /home/mando/coding/R-Projects/WRS/pkg/man/spearci.Rd:40: unexpected section header '\seealso'
  Warning: /home/mando/coding/R-Projects/WRS/pkg/man/spearci.Rd:43: unexpected section header '\keyword'
  Warning: /home/mando/coding/R-Projects/WRS/pkg/man/spearci.Rd:44: unexpected END_OF_INPUT '
  Warning: /home/mando/coding/R-Projects/WRS/pkg/man/tsplit.Rd:18: unknown macro '\item'
  Warning: /home/mando/coding/R-Projects/WRS/pkg/man/tsplit.Rd:20: unknown macro '\item'
  Warning: /home/mando/coding/R-Projects/WRS/pkg/man/tsplit.Rd:22: unexpected section header '\value'
  Warning: /home/mando/coding/R-Projects/WRS/pkg/man/tsplit.Rd:26: unexpected section header '\description'
  Warning: /home/mando/coding/R-Projects/WRS/pkg/man/tsplit.Rd:30: unexpected section header '\details'
  Warning: /home/mando/coding/R-Projects/WRS/pkg/man/tsplit.Rd:49: unexpected section header '\examples'
  Warning: /home/mando/coding/R-Projects/WRS/pkg/man/tsplit.Rd:56: unexpected section header '\seealso'
  Warning: /home/mando/coding/R-Projects/WRS/pkg/man/tsplit.Rd:59: unexpected section header '\keyword'
  Warning: /home/mando/coding/R-Projects/WRS/pkg/man/tsplit.Rd:60: unexpected section header '\keyword'
  Warning: /home/mando/coding/R-Projects/WRS/pkg/man/tsplit.Rd:61: unexpected END_OF_INPUT '
