* using log directory ‘/home/mando/coding/R-Projects/WRS/WRS.Rcheck’
* using R version 4.5.2 (2025-10-31)
* using platform: x86_64-pc-linux-gnu
* R was compiled by
    gcc (Ubuntu 11.4.0-1ubuntu1~22.04.2) 11.4.0
    GNU Fortran (Ubuntu 11.4.0-1ubuntu1~22.04.2) 11.4.0
* running under: Ubuntu 22.04.5 LTS
* using session charset: UTF-8
* using options ‘--no-tests --no-manual --no-build-vignettes’
* checking for file ‘WRS/DESCRIPTION’ ... OK
* checking extension type ... Package
* this is package ‘WRS’ version ‘0.46’
* package encoding: UTF-8
* checking package namespace information ... OK
* checking package dependencies ... ERROR
Packages suggested but not available:
  'bcaboot', 'mrfDepth', 'randomForest', 'neuralnet', 'mboost', 'gbm',
  'DetMCD', 'ICSOutlier', 'ROCR', 'hqreg', 'enetLTS', 'ddalpha',
  'viridis', 'reshape', 'plotrix', 'hrbrthemes', 'segmented'

The suggested packages are required for a complete check.
Checking can be attempted without them by setting the environment
variable _R_CHECK_FORCE_SUGGESTS_ to a false value.

See section ‘The DESCRIPTION file’ in the ‘Writing R Extensions’
manual.
* DONE
Status: 1 ERROR
